VAR var
IDENTIFIER x
EQUAL =
NUMBER 10
SEMICOLON ;
IF if
LEFT_PAREN (
IDENTIFIER x
GREATER_EQUAL >=
NUMBER 5
RIGHT_PAREN )
LEFT_BRACE {
IDENTIFIER print
LEFT_PAREN (
IDENTIFIER x
RIGHT_PAREN )
SEMICOLON ;
RIGHT_BRACE }
IF if
LEFT_PAREN (
IDENTIFIER x
LESS_EQUAL <=
NUMBER 20
RIGHT_PAREN )
LEFT_BRACE {
IDENTIFIER print
LEFT_PAREN (
IDENTIFIER x
RIGHT_PAREN )
SEMICOLON ;
RIGHT_BRACE }
IF if
LEFT_PAREN (
IDENTIFIER x
BANG_EQUAL !=
NUMBER 0
RIGHT_PAREN )
LEFT_BRACE {
IDENTIFIER print
LEFT_PAREN (
IDENTIFIER x
RIGHT_PAREN )
SEMICOLON ;
RIGHT_BRACE }
IF if
LEFT_PAREN (
IDENTIFIER x
EQUAL_EQUAL ==
NUMBER 10
RIGHT_PAREN )
LEFT_BRACE {
IDENTIFIER print
LEFT_PAREN (
IDENTIFIER x
RIGHT_PAREN )
SEMICOLON ;
RIGHT_BRACE }
EOF